#
# A fatal error has been detected by the Java Runtime Environment:
#
#  Internal Error (generateOopMap.cpp:2165), pid=15556, tid=14212
#  fatal error: Illegal class file encountered. Try running with -Xverify:all in method removeDuplicate
#
# JRE version: OpenJDK Runtime Environment Temurin-21.0.10+7 (21.0.10+7) (build 21.0.10+7-LTS)
# Java VM: OpenJDK 64-Bit Server VM Temurin-21.0.10+7 (21.0.10+7-LTS, mixed mode, sharing, tiered, compressed oops, compressed class ptrs, g1 gc, windows-amd64)
# No core dump will be written. Minidumps are not enabled by default on client versions of Windows
#
# If you would like to submit a bug report, please visit:
#   https://github.com/adoptium/adoptium-support/issues
#

---------------  S U M M A R Y ------------

Command Line: -XX:+ShowCodeDetailsInExceptionMessages -agentlib:jdwp=transport=dt_socket,suspend=y,address=localhost:55754 -javaagent:C:\Users\helia\eclipse\java-2026-03\eclipse\configuration\org.eclipse.osgi\617\0\.cp\lib\javaagent-shaded.jar -Dfile.encoding=UTF-8 -Dstdout.encoding=UTF-8 -Dstderr.encoding=UTF-8 --module-path=C:\Users\helia\eclipse-workspace\HeliaExercises\bin -Djdk.module.main=HeliaExercises HeliaExercises/test.Helia

Host: Intel(R) N200, 4 cores, 7G,  Windows 11 , 64 bit Build 26100 (10.0.26100.8875)
Time: Tue Aug 11 23:01:27 2026 W. Europe Summer Time elapsed time: 352.790053 seconds (0d 0h 5m 52s)

---------------  T H R E A D  ---------------

Current thread (0x0000021beedb5e90):  VMThread "VM Thread"          [id=14212, stack(0x00000093fcb00000,0x00000093fcc00000) (1024K)]

Stack: [0x00000093fcb00000,0x00000093fcc00000]
Native frames: (J=compiled Java code, j=interpreted, Vv=VM code, C=native code)
V  [jvm.dll+0x6d7a39]
V  [jvm.dll+0x8b4b26]
V  [jvm.dll+0x8b70de]
V  [jvm.dll+0x284131]
V  [jvm.dll+0x396b2c]
V  [jvm.dll+0x39630c]
V  [jvm.dll+0x3956f5]
V  [jvm.dll+0x392f80]
V  [jvm.dll+0x3920d9]
V  [jvm.dll+0x6c4f52]
V  [jvm.dll+0x6c57ab]
V  [jvm.dll+0x687a7a]
V  [jvm.dll+0x8ab63a]
V  [jvm.dll+0x59de49]
V  [jvm.dll+0x8bd4b0]
V  [jvm.dll+0x8be824]
V  [jvm.dll+0x8bed50]
V  [jvm.dll+0x8beff3]
V  [jvm.dll+0x85f59d]
V  [jvm.dll+0x6d626d]
C  [ucrtbase.dll+0x2cd30]
C  [KERNEL32.DLL+0x2e957]
C  [ntdll.dll+0xaad6c]

VM_Operation (0x00000093fd5ff570): get/set locals, mode: safepoint, requested by thread 0x0000021bf32fa550


---------------  P R O C E S S  ---------------

Threads class SMR info:
_java_thread_list=0x0000021bf335e230, length=14, elements={
0x0000021bd78e9c00, 0x0000021beedceab0, 0x0000021beedd0230, 0x0000021beedd6370,
0x0000021beedd7af0, 0x0000021beeddc6e0, 0x0000021beeddfdc0, 0x0000021beede2e50,
0x0000021beeded480, 0x0000021bf309cfc0, 0x0000021bf32fa550, 0x0000021bf3249690,
0x0000021bf32fabd0, 0x0000021bf33f8840
}

Java Threads: ( => current thread )
  0x0000021bd78e9c00 JavaThread "main"                              [_thread_blocked, id=19248, stack(0x00000093fc400000,0x00000093fc500000) (1024K)]
  0x0000021beedceab0 JavaThread "Reference Handler"          daemon [_thread_blocked, id=11004, stack(0x00000093fcc00000,0x00000093fcd00000) (1024K)]
  0x0000021beedd0230 JavaThread "Finalizer"                  daemon [_thread_blocked, id=17780, stack(0x00000093fcd00000,0x00000093fce00000) (1024K)]
  0x0000021beedd6370 JavaThread "Signal Dispatcher"          daemon [_thread_blocked, id=19788, stack(0x00000093fce00000,0x00000093fcf00000) (1024K)]
  0x0000021beedd7af0 JavaThread "Attach Listener"            daemon [_thread_blocked, id=3296, stack(0x00000093fcf00000,0x00000093fd000000) (1024K)]
  0x0000021beeddc6e0 JavaThread "Service Thread"             daemon [_thread_blocked, id=13616, stack(0x00000093fd000000,0x00000093fd100000) (1024K)]
  0x0000021beeddfdc0 JavaThread "Monitor Deflation Thread"   daemon [_thread_blocked, id=9608, stack(0x00000093fd100000,0x00000093fd200000) (1024K)]
  0x0000021beede2e50 JavaThread "C2 CompilerThread0"         daemon [_thread_blocked, id=9692, stack(0x00000093fd200000,0x00000093fd300000) (1024K)]
  0x0000021beeded480 JavaThread "C1 CompilerThread0"         daemon [_thread_blocked, id=13712, stack(0x00000093fd300000,0x00000093fd400000) (1024K)]
  0x0000021bf309cfc0 JavaThread "Common-Cleaner"             daemon [_thread_blocked, id=7308, stack(0x00000093fd400000,0x00000093fd500000) (1024K)]
  0x0000021bf32fa550 JavaThread "JDWP Transport Listener: dt_socket" daemon [_thread_blocked, id=6620, stack(0x00000093fd500000,0x00000093fd600000) (1024K)] _threads_hazard_ptr=0x0000021bf335e230
  0x0000021bf3249690 JavaThread "JDWP Event Helper Thread"   daemon [_thread_blocked, id=22052, stack(0x00000093fd600000,0x00000093fd700000) (1024K)]
  0x0000021bf32fabd0 JavaThread "JDWP Command Reader"        daemon [_thread_in_native, id=10116, stack(0x00000093fd700000,0x00000093fd800000) (1024K)]
  0x0000021bf33f8840 JavaThread "Notification Thread"        daemon [_thread_blocked, id=2560, stack(0x00000093fd800000,0x00000093fd900000) (1024K)]
Total: 14

Other Threads:
=>0x0000021beedb5e90 VMThread "VM Thread"                           [id=14212, stack(0x00000093fcb00000,0x00000093fcc00000) (1024K)]
  0x0000021beed9e4a0 WatcherThread "VM Periodic Task Thread"        [id=3996, stack(0x00000093fca00000,0x00000093fcb00000) (1024K)]
  0x0000021bd79401f0 WorkerThread "GC Thread#0"                     [id=10436, stack(0x00000093fc500000,0x00000093fc600000) (1024K)]
  0x0000021bd79515a0 ConcurrentGCThread "G1 Main Marker"            [id=20704, stack(0x00000093fc600000,0x00000093fc700000) (1024K)]
  0x0000021bd7952850 WorkerThread "G1 Conc#0"                       [id=12128, stack(0x00000093fc700000,0x00000093fc800000) (1024K)]
  0x0000021bd79aeb00 ConcurrentGCThread "G1 Refine#0"               [id=20228, stack(0x00000093fc800000,0x00000093fc900000) (1024K)]
  0x0000021beec6f710 ConcurrentGCThread "G1 Service"                [id=15072, stack(0x00000093fc900000,0x00000093fca00000) (1024K)]
Total: 7

Threads with active compile tasks:
Total: 0

VM state: at safepoint (normal execution)

VM Mutex/Monitor currently owned by a thread:  ([mutex/lock_event])
[0x00007ffc97afe560] Threads_lock - owner thread: 0x0000021beedb5e90

Heap address: 0x0000000085600000, size: 1962 MB, Compressed Oops mode: 32-bit

CDS archive(s) mapped at: [0x0000021b80000000-0x0000021b80c80000-0x0000021b80c80000), size 13107200, SharedBaseAddress: 0x0000021b80000000, ArchiveRelocationMode: 1.
Compressed class space mapped at: 0x0000021b81000000-0x0000021bc1000000, reserved size: 1073741824
Narrow klass base: 0x0000021b80000000, Narrow klass shift: 0, Narrow klass range: 0x100000000

GC Precious Log:
 CardTable entry size: 512
 Card Set container configuration: InlinePtr #cards 5 size 8 Array Of Cards #cards 12 size 40 Howl #buckets 4 coarsen threshold 1843 Howl Bitmap #cards 512 size 80 coarsen threshold 460 Card regions per heap region 1 cards per card region 2048
 CPUs: 4 total, 4 available
 Memory: 7845M
 Large Page Support: Disabled
 NUMA Support: Disabled
 Compressed Oops: Enabled (32-bit)
 Heap Region Size: 1M
 Heap Min Capacity: 8M
 Heap Initial Capacity: 124M
 Heap Max Capacity: 1962M
 Pre-touch: Disabled
 Parallel Workers: 4
 Concurrent Workers: 1
 Concurrent Refinement Workers: 4
 Periodic GC: Disabled

Heap:
 garbage-first heap   total 126976K, used 5120K [0x0000000085600000, 0x0000000100000000)
  region size 1024K, 6 young (6144K), 0 survivors (0K)
 Metaspace       used 3104K, committed 3264K, reserved 1114112K
  class space    used 298K, committed 384K, reserved 1048576K

Heap Regions: E=young(eden), S=young(survivor), O=old, HS=humongous(starts), HC=humongous(continues), CS=collection set, F=free, TAMS=top-at-mark-start, PB=parsable bottom
|   0|0x0000000085600000, 0x0000000085600000, 0x0000000085700000|  0%| F|  |TAMS 0x0000000085600000| PB 0x0000000085600000| Untracked 
|   1|0x0000000085700000, 0x0000000085700000, 0x0000000085800000|  0%| F|  |TAMS 0x0000000085700000| PB 0x0000000085700000| Untracked 
|   2|0x0000000085800000, 0x0000000085800000, 0x0000000085900000|  0%| F|  |TAMS 0x0000000085800000| PB 0x0000000085800000| Untracked 
|   3|0x0000000085900000, 0x0000000085900000, 0x0000000085a00000|  0%| F|  |TAMS 0x0000000085900000| PB 0x0000000085900000| Untracked 
|   4|0x0000000085a00000, 0x0000000085a00000, 0x0000000085b00000|  0%| F|  |TAMS 0x0000000085a00000| PB 0x0000000085a00000| Untracked 
|   5|0x0000000085b00000, 0x0000000085b00000, 0x0000000085c00000|  0%| F|  |TAMS 0x0000000085b00000| PB 0x0000000085b00000| Untracked 
|   6|0x0000000085c00000, 0x0000000085c00000, 0x0000000085d00000|  0%| F|  |TAMS 0x0000000085c00000| PB 0x0000000085c00000| Untracked 
|   7|0x0000000085d00000, 0x0000000085d00000, 0x0000000085e00000|  0%| F|  |TAMS 0x0000000085d00000| PB 0x0000000085d00000| Untracked 
|   8|0x0000000085e00000, 0x0000000085e00000, 0x0000000085f00000|  0%| F|  |TAMS 0x0000000085e00000| PB 0x0000000085e00000| Untracked 
|   9|0x0000000085f00000, 0x0000000085f00000, 0x0000000086000000|  0%| F|  |TAMS 0x0000000085f00000| PB 0x0000000085f00000| Untracked 
|  10|0x0000000086000000, 0x0000000086000000, 0x0000000086100000|  0%| F|  |TAMS 0x0000000086000000| PB 0x0000000086000000| Untracked 
|  11|0x0000000086100000, 0x0000000086100000, 0x0000000086200000|  0%| F|  |TAMS 0x0000000086100000| PB 0x0000000086100000| Untracked 
|  12|0x0000000086200000, 0x0000000086200000, 0x0000000086300000|  0%| F|  |TAMS 0x0000000086200000| PB 0x0000000086200000| Untracked 
|  13|0x0000000086300000, 0x0000000086300000, 0x0000000086400000|  0%| F|  |TAMS 0x0000000086300000| PB 0x0000000086300000| Untracked 
|  14|0x0000000086400000, 0x0000000086400000, 0x0000000086500000|  0%| F|  |TAMS 0x0000000086400000| PB 0x0000000086400000| Untracked 
|  15|0x0000000086500000, 0x0000000086500000, 0x0000000086600000|  0%| F|  |TAMS 0x0000000086500000| PB 0x0000000086500000| Untracked 
|  16|0x0000000086600000, 0x0000000086600000, 0x0000000086700000|  0%| F|  |TAMS 0x0000000086600000| PB 0x0000000086600000| Untracked 
|  17|0x0000000086700000, 0x0000000086700000, 0x0000000086800000|  0%| F|  |TAMS 0x0000000086700000| PB 0x0000000086700000| Untracked 
|  18|0x0000000086800000, 0x0000000086800000, 0x0000000086900000|  0%| F|  |TAMS 0x0000000086800000| PB 0x0000000086800000| Untracked 
|  19|0x0000000086900000, 0x0000000086900000, 0x0000000086a00000|  0%| F|  |TAMS 0x0000000086900000| PB 0x0000000086900000| Untracked 
|  20|0x0000000086a00000, 0x0000000086a00000, 0x0000000086b00000|  0%| F|  |TAMS 0x0000000086a00000| PB 0x0000000086a00000| Untracked 
|  21|0x0000000086b00000, 0x0000000086b00000, 0x0000000086c00000|  0%| F|  |TAMS 0x0000000086b00000| PB 0x0000000086b00000| Untracked 
|  22|0x0000000086c00000, 0x0000000086c00000, 0x0000000086d00000|  0%| F|  |TAMS 0x0000000086c00000| PB 0x0000000086c00000| Untracked 
|  23|0x0000000086d00000, 0x0000000086d00000, 0x0000000086e00000|  0%| F|  |TAMS 0x0000000086d00000| PB 0x0000000086d00000| Untracked 
|  24|0x0000000086e00000, 0x0000000086e00000, 0x0000000086f00000|  0%| F|  |TAMS 0x0000000086e00000| PB 0x0000000086e00000| Untracked 
|  25|0x0000000086f00000, 0x0000000086f00000, 0x0000000087000000|  0%| F|  |TAMS 0x0000000086f00000| PB 0x0000000086f00000| Untracked 
|  26|0x0000000087000000, 0x0000000087000000, 0x0000000087100000|  0%| F|  |TAMS 0x0000000087000000| PB 0x0000000087000000| Untracked 
|  27|0x0000000087100000, 0x0000000087100000, 0x0000000087200000|  0%| F|  |TAMS 0x0000000087100000| PB 0x0000000087100000| Untracked 
|  28|0x0000000087200000, 0x0000000087200000, 0x0000000087300000|  0%| F|  |TAMS 0x0000000087200000| PB 0x0000000087200000| Untracked 
|  29|0x0000000087300000, 0x0000000087300000, 0x0000000087400000|  0%| F|  |TAMS 0x0000000087300000| PB 0x0000000087300000| Untracked 
|  30|0x0000000087400000, 0x0000000087400000, 0x0000000087500000|  0%| F|  |TAMS 0x0000000087400000| PB 0x0000000087400000| Untracked 
|  31|0x0000000087500000, 0x0000000087500000, 0x0000000087600000|  0%| F|  |TAMS 0x0000000087500000| PB 0x0000000087500000| Untracked 
|  32|0x0000000087600000, 0x0000000087600000, 0x0000000087700000|  0%| F|  |TAMS 0x0000000087600000| PB 0x0000000087600000| Untracked 
|  33|0x0000000087700000, 0x0000000087700000, 0x0000000087800000|  0%| F|  |TAMS 0x0000000087700000| PB 0x0000000087700000| Untracked 
|  34|0x0000000087800000, 0x0000000087800000, 0x0000000087900000|  0%| F|  |TAMS 0x0000000087800000| PB 0x0000000087800000| Untracked 
|  35|0x0000000087900000, 0x0000000087900000, 0x0000000087a00000|  0%| F|  |TAMS 0x0000000087900000| PB 0x0000000087900000| Untracked 
|  36|0x0000000087a00000, 0x0000000087a00000, 0x0000000087b00000|  0%| F|  |TAMS 0x0000000087a00000| PB 0x0000000087a00000| Untracked 
|  37|0x0000000087b00000, 0x0000000087b00000, 0x0000000087c00000|  0%| F|  |TAMS 0x0000000087b00000| PB 0x0000000087b00000| Untracked 
|  38|0x0000000087c00000, 0x0000000087c00000, 0x0000000087d00000|  0%| F|  |TAMS 0x0000000087c00000| PB 0x0000000087c00000| Untracked 
|  39|0x0000000087d00000, 0x0000000087d00000, 0x0000000087e00000|  0%| F|  |TAMS 0x0000000087d00000| PB 0x0000000087d00000| Untracked 
|  40|0x0000000087e00000, 0x0000000087e00000, 0x0000000087f00000|  0%| F|  |TAMS 0x0000000087e00000| PB 0x0000000087e00000| Untracked 
|  41|0x0000000087f00000, 0x0000000087f00000, 0x0000000088000000|  0%| F|  |TAMS 0x0000000087f00000| PB 0x0000000087f00000| Untracked 
|  42|0x0000000088000000, 0x0000000088000000, 0x0000000088100000|  0%| F|  |TAMS 0x0000000088000000| PB 0x0000000088000000| Untracked 
|  43|0x0000000088100000, 0x0000000088100000, 0x0000000088200000|  0%| F|  |TAMS 0x0000000088100000| PB 0x0000000088100000| Untracked 
|  44|0x0000000088200000, 0x0000000088200000, 0x0000000088300000|  0%| F|  |TAMS 0x0000000088200000| PB 0x0000000088200000| Untracked 
|  45|0x0000000088300000, 0x0000000088300000, 0x0000000088400000|  0%| F|  |TAMS 0x0000000088300000| PB 0x0000000088300000| Untracked 
|  46|0x0000000088400000, 0x0000000088400000, 0x0000000088500000|  0%| F|  |TAMS 0x0000000088400000| PB 0x0000000088400000| Untracked 
|  47|0x0000000088500000, 0x0000000088500000, 0x0000000088600000|  0%| F|  |TAMS 0x0000000088500000| PB 0x0000000088500000| Untracked 
|  48|0x0000000088600000, 0x0000000088600000, 0x0000000088700000|  0%| F|  |TAMS 0x0000000088600000| PB 0x0000000088600000| Untracked 
|  49|0x0000000088700000, 0x0000000088700000, 0x0000000088800000|  0%| F|  |TAMS 0x0000000088700000| PB 0x0000000088700000| Untracked 
|  50|0x0000000088800000, 0x0000000088800000, 0x0000000088900000|  0%| F|  |TAMS 0x0000000088800000| PB 0x0000000088800000| Untracked 
|  51|0x0000000088900000, 0x0000000088900000, 0x0000000088a00000|  0%| F|  |TAMS 0x0000000088900000| PB 0x0000000088900000| Untracked 
|  52|0x0000000088a00000, 0x0000000088a00000, 0x0000000088b00000|  0%| F|  |TAMS 0x0000000088a00000| PB 0x0000000088a00000| Untracked 
|  53|0x0000000088b00000, 0x0000000088b00000, 0x0000000088c00000|  0%| F|  |TAMS 0x0000000088b00000| PB 0x0000000088b00000| Untracked 
|  54|0x0000000088c00000, 0x0000000088c00000, 0x0000000088d00000|  0%| F|  |TAMS 0x0000000088c00000| PB 0x0000000088c00000| Untracked 
|  55|0x0000000088d00000, 0x0000000088d00000, 0x0000000088e00000|  0%| F|  |TAMS 0x0000000088d00000| PB 0x0000000088d00000| Untracked 
|  56|0x0000000088e00000, 0x0000000088e00000, 0x0000000088f00000|  0%| F|  |TAMS 0x0000000088e00000| PB 0x0000000088e00000| Untracked 
|  57|0x0000000088f00000, 0x0000000088f00000, 0x0000000089000000|  0%| F|  |TAMS 0x0000000088f00000| PB 0x0000000088f00000| Untracked 
|  58|0x0000000089000000, 0x0000000089000000, 0x0000000089100000|  0%| F|  |TAMS 0x0000000089000000| PB 0x0000000089000000| Untracked 
|  59|0x0000000089100000, 0x0000000089100000, 0x0000000089200000|  0%| F|  |TAMS 0x0000000089100000| PB 0x0000000089100000| Untracked 
|  60|0x0000000089200000, 0x0000000089200000, 0x0000000089300000|  0%| F|  |TAMS 0x0000000089200000| PB 0x0000000089200000| Untracked 
|  61|0x0000000089300000, 0x0000000089300000, 0x0000000089400000|  0%| F|  |TAMS 0x0000000089300000| PB 0x0000000089300000| Untracked 
|  62|0x0000000089400000, 0x0000000089400000, 0x0000000089500000|  0%| F|  |TAMS 0x0000000089400000| PB 0x0000000089400000| Untracked 
|  63|0x0000000089500000, 0x0000000089500000, 0x0000000089600000|  0%| F|  |TAMS 0x0000000089500000| PB 0x0000000089500000| Untracked 
|  64|0x0000000089600000, 0x0000000089600000, 0x0000000089700000|  0%| F|  |TAMS 0x0000000089600000| PB 0x0000000089600000| Untracked 
|  65|0x0000000089700000, 0x0000000089700000, 0x0000000089800000|  0%| F|  |TAMS 0x0000000089700000| PB 0x0000000089700000| Untracked 
|  66|0x0000000089800000, 0x0000000089800000, 0x0000000089900000|  0%| F|  |TAMS 0x0000000089800000| PB 0x0000000089800000| Untracked 
|  67|0x0000000089900000, 0x0000000089900000, 0x0000000089a00000|  0%| F|  |TAMS 0x0000000089900000| PB 0x0000000089900000| Untracked 
|  68|0x0000000089a00000, 0x0000000089a00000, 0x0000000089b00000|  0%| F|  |TAMS 0x0000000089a00000| PB 0x0000000089a00000| Untracked 
|  69|0x0000000089b00000, 0x0000000089b00000, 0x0000000089c00000|  0%| F|  |TAMS 0x0000000089b00000| PB 0x0000000089b00000| Untracked 
|  70|0x0000000089c00000, 0x0000000089c00000, 0x0000000089d00000|  0%| F|  |TAMS 0x0000000089c00000| PB 0x0000000089c00000| Untracked 
|  71|0x0000000089d00000, 0x0000000089d00000, 0x0000000089e00000|  0%| F|  |TAMS 0x0000000089d00000| PB 0x0000000089d00000| Untracked 
|  72|0x0000000089e00000, 0x0000000089e00000, 0x0000000089f00000|  0%| F|  |TAMS 0x0000000089e00000| PB 0x0000000089e00000| Untracked 
|  73|0x0000000089f00000, 0x0000000089f00000, 0x000000008a000000|  0%| F|  |TAMS 0x0000000089f00000| PB 0x0000000089f00000| Untracked 
|  74|0x000000008a000000, 0x000000008a000000, 0x000000008a100000|  0%| F|  |TAMS 0x000000008a000000| PB 0x000000008a000000| Untracked 
|  75|0x000000008a100000, 0x000000008a100000, 0x000000008a200000|  0%| F|  |TAMS 0x000000008a100000| PB 0x000000008a100000| Untracked 
|  76|0x000000008a200000, 0x000000008a200000, 0x000000008a300000|  0%| F|  |TAMS 0x000000008a200000| PB 0x000000008a200000| Untracked 
|  77|0x000000008a300000, 0x000000008a300000, 0x000000008a400000|  0%| F|  |TAMS 0x000000008a300000| PB 0x000000008a300000| Untracked 
|  78|0x000000008a400000, 0x000000008a400000, 0x000000008a500000|  0%| F|  |TAMS 0x000000008a400000| PB 0x000000008a400000| Untracked 
|  79|0x000000008a500000, 0x000000008a500000, 0x000000008a600000|  0%| F|  |TAMS 0x000000008a500000| PB 0x000000008a500000| Untracked 
|  80|0x000000008a600000, 0x000000008a600000, 0x000000008a700000|  0%| F|  |TAMS 0x000000008a600000| PB 0x000000008a600000| Untracked 
|  81|0x000000008a700000, 0x000000008a700000, 0x000000008a800000|  0%| F|  |TAMS 0x000000008a700000| PB 0x000000008a700000| Untracked 
|  82|0x000000008a800000, 0x000000008a800000, 0x000000008a900000|  0%| F|  |TAMS 0x000000008a800000| PB 0x000000008a800000| Untracked 
|  83|0x000000008a900000, 0x000000008a900000, 0x000000008aa00000|  0%| F|  |TAMS 0x000000008a900000| PB 0x000000008a900000| Untracked 
|  84|0x000000008aa00000, 0x000000008aa00000, 0x000000008ab00000|  0%| F|  |TAMS 0x000000008aa00000| PB 0x000000008aa00000| Untracked 
|  85|0x000000008ab00000, 0x000000008ab00000, 0x000000008ac00000|  0%| F|  |TAMS 0x000000008ab00000| PB 0x000000008ab00000| Untracked 
|  86|0x000000008ac00000, 0x000000008ac00000, 0x000000008ad00000|  0%| F|  |TAMS 0x000000008ac00000| PB 0x000000008ac00000| Untracked 
|  87|0x000000008ad00000, 0x000000008ad00000, 0x000000008ae00000|  0%| F|  |TAMS 0x000000008ad00000| PB 0x000000008ad00000| Untracked 
|  88|0x000000008ae00000, 0x000000008ae00000, 0x000000008af00000|  0%| F|  |TAMS 0x000000008ae00000| PB 0x000000008ae00000| Untracked 
|  89|0x000000008af00000, 0x000000008af00000, 0x000000008b000000|  0%| F|  |TAMS 0x000000008af00000| PB 0x000000008af00000| Untracked 
|  90|0x000000008b000000, 0x000000008b000000, 0x000000008b100000|  0%| F|  |TAMS 0x000000008b000000| PB 0x000000008b000000| Untracked 
|  91|0x000000008b100000, 0x000000008b100000, 0x000000008b200000|  0%| F|  |TAMS 0x000000008b100000| PB 0x000000008b100000| Untracked 
|  92|0x000000008b200000, 0x000000008b200000, 0x000000008b300000|  0%| F|  |TAMS 0x000000008b200000| PB 0x000000008b200000| Untracked 
|  93|0x000000008b300000, 0x000000008b300000, 0x000000008b400000|  0%| F|  |TAMS 0x000000008b300000| PB 0x000000008b300000| Untracked 
|  94|0x000000008b400000, 0x000000008b400000, 0x000000008b500000|  0%| F|  |TAMS 0x000000008b400000| PB 0x000000008b400000| Untracked 
|  95|0x000000008b500000, 0x000000008b500000, 0x000000008b600000|  0%| F|  |TAMS 0x000000008b500000| PB 0x000000008b500000| Untracked 
|  96|0x000000008b600000, 0x000000008b600000, 0x000000008b700000|  0%| F|  |TAMS 0x000000008b600000| PB 0x000000008b600000| Untracked 
|  97|0x000000008b700000, 0x000000008b700000, 0x000000008b800000|  0%| F|  |TAMS 0x000000008b700000| PB 0x000000008b700000| Untracked 
|  98|0x000000008b800000, 0x000000008b800000, 0x000000008b900000|  0%| F|  |TAMS 0x000000008b800000| PB 0x000000008b800000| Untracked 
|  99|0x000000008b900000, 0x000000008b900000, 0x000000008ba00000|  0%| F|  |TAMS 0x000000008b900000| PB 0x000000008b900000| Untracked 
| 100|0x000000008ba00000, 0x000000008ba00000, 0x000000008bb00000|  0%| F|  |TAMS 0x000000008ba00000| PB 0x000000008ba00000| Untracked 
| 101|0x000000008bb00000, 0x000000008bb00000, 0x000000008bc00000|  0%| F|  |TAMS 0x000000008bb00000| PB 0x000000008bb00000| Untracked 
| 102|0x000000008bc00000, 0x000000008bc00000, 0x000000008bd00000|  0%| F|  |TAMS 0x000000008bc00000| PB 0x000000008bc00000| Untracked 
| 103|0x000000008bd00000, 0x000000008bd00000, 0x000000008be00000|  0%| F|  |TAMS 0x000000008bd00000| PB 0x000000008bd00000| Untracked 
| 104|0x000000008be00000, 0x000000008be00000, 0x000000008bf00000|  0%| F|  |TAMS 0x000000008be00000| PB 0x000000008be00000| Untracked 
| 105|0x000000008bf00000, 0x000000008bf00000, 0x000000008c000000|  0%| F|  |TAMS 0x000000008bf00000| PB 0x000000008bf00000| Untracked 
| 106|0x000000008c000000, 0x000000008c000000, 0x000000008c100000|  0%| F|  |TAMS 0x000000008c000000| PB 0x000000008c000000| Untracked 
| 107|0x000000008c100000, 0x000000008c100000, 0x000000008c200000|  0%| F|  |TAMS 0x000000008c100000| PB 0x000000008c100000| Untracked 
| 108|0x000000008c200000, 0x000000008c200000, 0x000000008c300000|  0%| F|  |TAMS 0x000000008c200000| PB 0x000000008c200000| Untracked 
| 109|0x000000008c300000, 0x000000008c300000, 0x000000008c400000|  0%| F|  |TAMS 0x000000008c300000| PB 0x000000008c300000| Untracked 
| 110|0x000000008c400000, 0x000000008c400000, 0x000000008c500000|  0%| F|  |TAMS 0x000000008c400000| PB 0x000000008c400000| Untracked 
| 111|0x000000008c500000, 0x000000008c500000, 0x000000008c600000|  0%| F|  |TAMS 0x000000008c500000| PB 0x000000008c500000| Untracked 
| 112|0x000000008c600000, 0x000000008c600000, 0x000000008c700000|  0%| F|  |TAMS 0x000000008c600000| PB 0x000000008c600000| Untracked 
| 113|0x000000008c700000, 0x000000008c700000, 0x000000008c800000|  0%| F|  |TAMS 0x000000008c700000| PB 0x000000008c700000| Untracked 
| 114|0x000000008c800000, 0x000000008c800000, 0x000000008c900000|  0%| F|  |TAMS 0x000000008c800000| PB 0x000000008c800000| Untracked 
| 115|0x000000008c900000, 0x000000008c900000, 0x000000008ca00000|  0%| F|  |TAMS 0x000000008c900000| PB 0x000000008c900000| Untracked 
| 116|0x000000008ca00000, 0x000000008ca00000, 0x000000008cb00000|  0%| F|  |TAMS 0x000000008ca00000| PB 0x000000008ca00000| Untracked 
| 117|0x000000008cb00000, 0x000000008cb00000, 0x000000008cc00000|  0%| F|  |TAMS 0x000000008cb00000| PB 0x000000008cb00000| Untracked 
| 118|0x000000008cc00000, 0x000000008cd00000, 0x000000008cd00000|100%| E|  |TAMS 0x000000008cc00000| PB 0x000000008cc00000| Complete 
| 119|0x000000008cd00000, 0x000000008ce00000, 0x000000008ce00000|100%| E|CS|TAMS 0x000000008cd00000| PB 0x000000008cd00000| Complete 
| 120|0x000000008ce00000, 0x000000008cf00000, 0x000000008cf00000|100%| E|CS|TAMS 0x000000008ce00000| PB 0x000000008ce00000| Complete 
| 121|0x000000008cf00000, 0x000000008d000000, 0x000000008d000000|100%| E|CS|TAMS 0x000000008cf00000| PB 0x000000008cf00000| Complete 
| 122|0x000000008d000000, 0x000000008d100000, 0x000000008d100000|100%| E|CS|TAMS 0x000000008d000000| PB 0x000000008d000000| Complete 
| 123|0x000000008d100000, 0x000000008d200000, 0x000000008d200000|100%| E|CS|TAMS 0x000000008d100000| PB 0x000000008d100000| Complete 

Card table byte_map: [0x0000021bea680000,0x0000021beaa60000] _byte_map_base: 0x0000021bea255000

Marking Bits: (CMBitMap*) 0x0000021bd7940900
 Bits: [0x0000021beaa60000, 0x0000021bec908000)

Polling page: 0x0000021bd5730000

Metaspace:

Usage:
  Non-class:      2.74 MB used.
      Class:    298.77 KB used.
       Both:      3.03 MB used.

Virtual space:
  Non-class space:       64.00 MB reserved,       2.81 MB (  4%) committed,  1 nodes.
      Class space:        1.00 GB reserved,     384.00 KB ( <1%) committed,  1 nodes.
             Both:        1.06 GB reserved,       3.19 MB ( <1%) committed. 

Chunk freelists:
   Non-Class:  11.72 MB
       Class:  15.58 MB
        Both:  27.30 MB

MaxMetaspaceSize: unlimited
CompressedClassSpaceSize: 1.00 GB
Initial GC threshold: 21.00 MB
Current GC threshold: 21.00 MB
CDS: on
 - commit_granule_bytes: 65536.
 - commit_granule_words: 8192.
 - virtual_space_node_default_size: 8388608.
 - enlarge_chunks_in_place: 1.
 - use_allocation_guard: 0.


Internal statistics:

num_allocs_failed_limit: 0.
num_arena_births: 34.
num_arena_deaths: 0.
num_vsnodes_births: 2.
num_vsnodes_deaths: 0.
num_space_committed: 51.
num_space_uncommitted: 0.
num_chunks_returned_to_freelist: 0.
num_chunks_taken_from_freelist: 51.
num_chunk_merges: 0.
num_chunk_splits: 34.
num_chunks_enlarged: 24.
num_inconsistent_stats: 0.

CodeHeap 'non-profiled nmethods': size=120000Kb used=166Kb max_used=166Kb free=119833Kb
 bounds [0x0000021be2d70000, 0x0000021be2fe0000, 0x0000021bea2a0000]
CodeHeap 'profiled nmethods': size=120000Kb used=759Kb max_used=759Kb free=119240Kb
 bounds [0x0000021bdb2a0000, 0x0000021bdb510000, 0x0000021be27d0000]
CodeHeap 'non-nmethods': size=5760Kb used=1353Kb max_used=1369Kb free=4406Kb
 bounds [0x0000021be27d0000, 0x0000021be2a40000, 0x0000021be2d70000]
CodeCache: size=245760Kb, used=2278Kb, max_used=2294Kb, free=243479Kb
 total_blobs=929, nmethods=474, adapters=360, full_count=0
Compilation: enabled, stopped_count=0, restarted_count=0

Compilation events (20 events):
Event: 0.609 Thread 0x0000021beeded480 nmethod 467 0x0000021be2d97e90 code [0x0000021be2d98020, 0x0000021be2d980e8]
Event: 0.609 Thread 0x0000021beeded480  468       3       sun.security.x509.X509CertImpl::getEncodedInternal (20 bytes)
Event: 0.609 Thread 0x0000021beeded480 nmethod 468 0x0000021bdb35a090 code [0x0000021bdb35a280, 0x0000021bdb35a838]
Event: 0.609 Thread 0x0000021beeded480  469   !   3       java.security.cert.Certificate::equals (38 bytes)
Event: 0.610 Thread 0x0000021beeded480 nmethod 469 0x0000021bdb35a990 code [0x0000021bdb35ac00, 0x0000021bdb35ba70]
Event: 0.610 Thread 0x0000021beede2e50 nmethod 450 0x0000021be2d98190 code [0x0000021be2d98360, 0x0000021be2d98ed0]
Event: 0.610 Thread 0x0000021beeded480  470       3       java.lang.StringConcatHelper::stringOf (20 bytes)
Event: 0.611 Thread 0x0000021beede2e50  453       4       jdk.internal.misc.Unsafe::convEndian (16 bytes)
Event: 0.611 Thread 0x0000021beeded480 nmethod 470 0x0000021bdb35be90 code [0x0000021bdb35c040, 0x0000021bdb35c278]
Event: 0.611 Thread 0x0000021beeded480  471       3       java.lang.StringConcatHelper::mix (27 bytes)
Event: 0.611 Thread 0x0000021beede2e50 nmethod 453 0x0000021be2d99310 code [0x0000021be2d99480, 0x0000021be2d994f8]
Event: 0.611 Thread 0x0000021beeded480 nmethod 471 0x0000021bdb35c390 code [0x0000021bdb35c580, 0x0000021bdb35c980]
Event: 0.611 Thread 0x0000021beeded480  473       3       java.util.ArrayList::grow (60 bytes)
Event: 0.611 Thread 0x0000021beeded480 nmethod 473 0x0000021bdb35cb90 code [0x0000021bdb35cda0, 0x0000021bdb35d3f0]
Event: 0.611 Thread 0x0000021beeded480  472       3       java.lang.StringConcatHelper::checkOverflow (17 bytes)
Event: 0.612 Thread 0x0000021beeded480 nmethod 472 0x0000021bdb35d610 code [0x0000021bdb35d7c0, 0x0000021bdb35d9a0]
Event: 0.612 Thread 0x0000021beede2e50  474       4       java.lang.StringLatin1::lastIndexOf (40 bytes)
Event: 0.614 Thread 0x0000021beede2e50 nmethod 474 0x0000021be2d99610 code [0x0000021be2d997a0, 0x0000021be2d99988]
Event: 349.417 Thread 0x0000021beeded480  475       3       org.eclipse.jdt.launching.internal.org.objectweb.asm.ClassReader::readUnsignedShort (26 bytes)
Event: 349.417 Thread 0x0000021beeded480 nmethod 475 0x0000021bdb35da90 code [0x0000021bdb35dc40, 0x0000021bdb35ddb0]

GC Heap History (0 events):
No events

Dll operation events (8 events):
Event: 0.015 Loaded shared library C:\Users\helia\Downloads\eclipse-java-2026-03-R-win32-x86_64\eclipse\plugins\org.eclipse.justj.openjdk.hotspot.jre.full.win32.x86_64_21.0.10.v20260205-0638\jre\bin\java.dll
Event: 0.058 Loaded shared library C:\Users\helia\Downloads\eclipse-java-2026-03-R-win32-x86_64\eclipse\plugins\org.eclipse.justj.openjdk.hotspot.jre.full.win32.x86_64_21.0.10.v20260205-0638\jre\bin\zip.dll
Event: 0.100 Loaded shared library C:\Users\helia\Downloads\eclipse-java-2026-03-R-win32-x86_64\eclipse\plugins\org.eclipse.justj.openjdk.hotspot.jre.full.win32.x86_64_21.0.10.v20260205-0638\jre\bin\net.dll
Event: 0.107 Loaded shared library C:\Users\helia\Downloads\eclipse-java-2026-03-R-win32-x86_64\eclipse\plugins\org.eclipse.justj.openjdk.hotspot.jre.full.win32.x86_64_21.0.10.v20260205-0638\jre\bin\nio.dll
Event: 0.315 Loaded shared library C:\Users\helia\Downloads\eclipse-java-2026-03-R-win32-x86_64\eclipse\plugins\org.eclipse.justj.openjdk.hotspot.jre.full.win32.x86_64_21.0.10.v20260205-0638\jre\bin\instrument.dll
Event: 0.324 Loaded shared library C:\Users\helia\Downloads\eclipse-java-2026-03-R-win32-x86_64\eclipse\plugins\org.eclipse.justj.openjdk.hotspot.jre.full.win32.x86_64_21.0.10.v20260205-0638\jre\bin\zip.dll
Event: 0.465 Loaded shared library C:\Users\helia\Downloads\eclipse-java-2026-03-R-win32-x86_64\eclipse\plugins\org.eclipse.justj.openjdk.hotspot.jre.full.win32.x86_64_21.0.10.v20260205-0638\jre\bin\jimage.dll
Event: 0.566 Loaded shared library C:\Users\helia\Downloads\eclipse-java-2026-03-R-win32-x86_64\eclipse\plugins\org.eclipse.justj.openjdk.hotspot.jre.full.win32.x86_64_21.0.10.v20260205-0638\jre\bin\verify.dll

Deoptimization events (20 events):
Event: 0.593 Thread 0x0000021bd78e9c00 DEOPT PACKING pc=0x0000021bdb33838d sp=0x00000093fc4f88e0
Event: 0.593 Thread 0x0000021bd78e9c00 DEOPT UNPACKING pc=0x0000021be2824bc2 sp=0x00000093fc4f7d68 mode 0
Event: 0.594 Thread 0x0000021bd78e9c00 DEOPT PACKING pc=0x0000021bdb33838d sp=0x00000093fc4fc330
Event: 0.594 Thread 0x0000021bd78e9c00 DEOPT UNPACKING pc=0x0000021be2824bc2 sp=0x00000093fc4fb7b8 mode 0
Event: 0.594 Thread 0x0000021bd78e9c00 DEOPT PACKING pc=0x0000021bdb33838d sp=0x00000093fc4fc330
Event: 0.595 Thread 0x0000021bd78e9c00 DEOPT UNPACKING pc=0x0000021be2824bc2 sp=0x00000093fc4fb7b8 mode 0
Event: 0.595 Thread 0x0000021bd78e9c00 DEOPT PACKING pc=0x0000021bdb33838d sp=0x00000093fc4fc330
Event: 0.595 Thread 0x0000021bd78e9c00 DEOPT UNPACKING pc=0x0000021be2824bc2 sp=0x00000093fc4fb7b8 mode 0
Event: 0.595 Thread 0x0000021bd78e9c00 DEOPT PACKING pc=0x0000021bdb3381ef sp=0x00000093fc4fc330
Event: 0.595 Thread 0x0000021bd78e9c00 DEOPT UNPACKING pc=0x0000021be2824bc2 sp=0x00000093fc4fb7b8 mode 0
Event: 0.596 Thread 0x0000021bd78e9c00 DEOPT PACKING pc=0x0000021bdb3381ef sp=0x00000093fc4f8920
Event: 0.596 Thread 0x0000021bd78e9c00 DEOPT UNPACKING pc=0x0000021be2824bc2 sp=0x00000093fc4f7da8 mode 0
Event: 0.599 Thread 0x0000021bd78e9c00 DEOPT PACKING pc=0x0000021bdb3381ef sp=0x00000093fc4fc260
Event: 0.599 Thread 0x0000021bd78e9c00 DEOPT UNPACKING pc=0x0000021be2824bc2 sp=0x00000093fc4fb6e8 mode 0
Event: 0.601 Thread 0x0000021bd78e9c00 DEOPT PACKING pc=0x0000021bdb33838d sp=0x00000093fc4fc330
Event: 0.601 Thread 0x0000021bd78e9c00 DEOPT UNPACKING pc=0x0000021be2824bc2 sp=0x00000093fc4fb7b8 mode 0
Event: 0.601 Thread 0x0000021bd78e9c00 DEOPT PACKING pc=0x0000021bdb33838d sp=0x00000093fc4fc330
Event: 0.601 Thread 0x0000021bd78e9c00 DEOPT UNPACKING pc=0x0000021be2824bc2 sp=0x00000093fc4fb7b8 mode 0
Event: 0.612 Thread 0x0000021bd78e9c00 DEOPT PACKING pc=0x0000021bdb313229 sp=0x00000093fc4f8940
Event: 0.612 Thread 0x0000021bd78e9c00 DEOPT UNPACKING pc=0x0000021be2824bc2 sp=0x00000093fc4f7dd8 mode 0

Classes loaded (20 events):
Event: 0.534 Loading class jdk/internal/module/ModuleReferences$ExplodedModuleReader
Event: 0.535 Loading class jdk/internal/module/ModuleReferences$ExplodedModuleReader done
Event: 0.535 Loading class jdk/internal/module/ModulePatcher$PatchedModuleReader
Event: 0.535 Loading class jdk/internal/module/ModulePatcher$PatchedModuleReader done
Event: 0.568 Loading class java/lang/AssertionError
Event: 0.576 Loading class java/lang/AssertionError done
Event: 0.579 Loading class java/lang/UnsupportedOperationException
Event: 0.579 Loading class java/lang/UnsupportedOperationException done
Event: 0.579 Loading class java/lang/TypeNotPresentException
Event: 0.579 Loading class java/lang/TypeNotPresentException done
Event: 0.593 Loading class java/lang/IndexOutOfBoundsException
Event: 0.594 Loading class java/lang/IndexOutOfBoundsException done
Event: 0.612 Loading class java/lang/IllegalStateException
Event: 0.612 Loading class java/lang/IllegalStateException done
Event: 0.613 Loading class java/lang/WeakPairMap$Pair$Weak
Event: 0.613 Loading class java/lang/WeakPairMap$WeakRefPeer
Event: 0.613 Loading class java/lang/WeakPairMap$WeakRefPeer done
Event: 0.613 Loading class java/lang/WeakPairMap$Pair$Weak done
Event: 0.613 Loading class java/lang/WeakPairMap$Pair$Weak$1
Event: 0.613 Loading class java/lang/WeakPairMap$Pair$Weak$1 done

Classes unloaded (0 events):
No events

Classes redefined (3 events):
Event: 342.158 Thread 0x0000021beedb5e90 redefined class name=test.Helia, count=1
Event: 349.419 Thread 0x0000021beedb5e90 redefined class name=test.Helia, count=2
Event: 352.640 Thread 0x0000021beedb5e90 redefined class name=test.Helia, count=3

Internal exceptions (4 events):
Event: 0.129 Thread 0x0000021bd78e9c00 Exception <a 'java/lang/NoSuchMethodError'{0x000000008d06cf00}: 'void java.lang.invoke.DirectMethodHandle$Holder.invokeVirtual(java.lang.Object, java.lang.Object)'> (0x000000008d06cf00) 
thrown [s\src\hotspot\share\interpreter\linkResolver.cpp, line 773]
Event: 0.132 Thread 0x0000021bd78e9c00 Exception <a 'java/lang/NoSuchMethodError'{0x000000008d078618}: 'java.lang.Object java.lang.invoke.DirectMethodHandle$Holder.invokeInterface(java.lang.Object, java.lang.Object, java.lang.Object)'> (0x000000008d078618) 
thrown [s\src\hotspot\share\interpreter\linkResolver.cpp, line 773]
Event: 0.525 Thread 0x0000021bd78e9c00 Exception <a 'java/lang/NoSuchMethodError'{0x000000008cded380}: 'void java.lang.invoke.DirectMethodHandle$Holder.invokeStatic(java.lang.Object, java.lang.Object, java.lang.Object)'> (0x000000008cded380) 
thrown [s\src\hotspot\share\interpreter\linkResolver.cpp, line 773]
Event: 0.528 Thread 0x0000021bd78e9c00 Exception <a 'java/lang/NoSuchMethodError'{0x000000008cc000b0}: 'java.lang.Object java.lang.invoke.Invokers$Holder.invokeExact_MT(java.lang.Object, java.lang.Object, java.lang.Object, java.lang.Object, java.lang.Object)'> (0x000000008cc000b0) 
thrown [s\src\hotspot\share\interpreter\linkResolver.cpp, line 773]

ZGC Phase Switch (0 events):
No events

VM Operations (20 events):
Event: 349.495 Executing safepoint VM operation: ChangeSingleStep done
Event: 349.500 Executing safepoint VM operation: ChangeSingleStep
Event: 349.500 Executing safepoint VM operation: ChangeSingleStep done
Event: 349.690 Executing safepoint VM operation: get/set locals
Event: 349.690 Executing safepoint VM operation: get/set locals done
Event: 352.612 Executing safepoint VM operation: ChangeSingleStep
Event: 352.612 Executing safepoint VM operation: ChangeSingleStep done
Event: 352.626 Executing safepoint VM operation: ChangeSingleStep
Event: 352.626 Executing safepoint VM operation: ChangeSingleStep done
Event: 352.639 Executing safepoint VM operation: RedefineClasses
Event: 352.644 Executing safepoint VM operation: RedefineClasses done
Event: 352.658 Executing safepoint VM operation: ChangeBreakpoints
Event: 352.659 Executing safepoint VM operation: ChangeBreakpoints done
Event: 352.659 Executing safepoint VM operation: ChangeBreakpoints
Event: 352.660 Executing safepoint VM operation: ChangeBreakpoints done
Event: 352.664 Executing safepoint VM operation: ChangeSingleStep
Event: 352.664 Executing safepoint VM operation: ChangeSingleStep done
Event: 352.676 Executing safepoint VM operation: ChangeSingleStep
Event: 352.676 Executing safepoint VM operation: ChangeSingleStep done
Event: 352.784 Executing safepoint VM operation: get/set locals

Memory protections (0 events):
No events

Nmethod flushes (0 events):
No events

Events (14 events):
Event: 0.034 Thread 0x0000021bd78e9c00 Thread added: 0x0000021bd78e9c00
Event: 0.060 Thread 0x0000021bd78e9c00 Thread added: 0x0000021beedceab0
Event: 0.060 Thread 0x0000021bd78e9c00 Thread added: 0x0000021beedd0230
Event: 0.060 Thread 0x0000021bd78e9c00 Thread added: 0x0000021beedd6370
Event: 0.060 Thread 0x0000021bd78e9c00 Thread added: 0x0000021beedd7af0
Event: 0.060 Thread 0x0000021bd78e9c00 Thread added: 0x0000021beeddc6e0
Event: 0.060 Thread 0x0000021bd78e9c00 Thread added: 0x0000021beeddfdc0
Event: 0.060 Thread 0x0000021bd78e9c00 Thread added: 0x0000021beede2e50
Event: 0.061 Thread 0x0000021bd78e9c00 Thread added: 0x0000021beeded480
Event: 0.097 Thread 0x0000021bd78e9c00 Thread added: 0x0000021bf309cfc0
Event: 0.185 Thread 0x0000021bd78e9c00 Thread added: 0x0000021bf32fa550
Event: 0.185 Thread 0x0000021bd78e9c00 Thread added: 0x0000021bf3249690
Event: 0.188 Thread 0x0000021bf32fa550 Thread added: 0x0000021bf32fabd0
Event: 0.533 Thread 0x0000021bd78e9c00 Thread added: 0x0000021bf33f8840


Dynamic libraries:
0x00007ff680ca0000 - 0x00007ff680cae000 	C:\Users\helia\Downloads\eclipse-java-2026-03-R-win32-x86_64\eclipse\plugins\org.eclipse.justj.openjdk.hotspot.jre.full.win32.x86_64_21.0.10.v20260205-0638\jre\bin\javaw.exe
0x00007ffd03300000 - 0x00007ffd03566000 	C:\WINDOWS\SYSTEM32\ntdll.dll
0x00007ffd027c0000 - 0x00007ffd02889000 	C:\WINDOWS\System32\KERNEL32.DLL
0x00007ffd00880000 - 0x00007ffd00c7e000 	C:\WINDOWS\System32\KERNELBASE.dll
0x00007ffd005e0000 - 0x00007ffd0072c000 	C:\WINDOWS\System32\ucrtbase.dll
0x00007ffcf5350000 - 0x00007ffcf536e000 	C:\Users\helia\Downloads\eclipse-java-2026-03-R-win32-x86_64\eclipse\plugins\org.eclipse.justj.openjdk.hotspot.jre.full.win32.x86_64_21.0.10.v20260205-0638\jre\bin\VCRUNTIME140.dll
0x00007ffcf53f0000 - 0x00007ffcf5408000 	C:\Users\helia\Downloads\eclipse-java-2026-03-R-win32-x86_64\eclipse\plugins\org.eclipse.justj.openjdk.hotspot.jre.full.win32.x86_64_21.0.10.v20260205-0638\jre\bin\jli.dll
0x00007ffd02e30000 - 0x00007ffd02ff7000 	C:\WINDOWS\System32\USER32.dll
0x00007ffcdd4c0000 - 0x00007ffcdd752000 	C:\WINDOWS\WinSxS\amd64_microsoft.windows.common-controls_6595b64144ccf1df_6.0.26100.8875_none_3e0d5d42e32fe9dd\COMCTL32.dll
0x00007ffd01000000 - 0x00007ffd01027000 	C:\WINDOWS\System32\win32u.dll
0x00007ffd02a30000 - 0x00007ffd02ad9000 	C:\WINDOWS\System32\msvcrt.dll
0x00007ffd01a90000 - 0x00007ffd01abb000 	C:\WINDOWS\System32\GDI32.dll
0x00007ffd00c90000 - 0x00007ffd00dba000 	C:\WINDOWS\System32\gdi32full.dll
0x00007ffd00740000 - 0x00007ffd007e3000 	C:\WINDOWS\System32\msvcp_win.dll
0x00007ffd03280000 - 0x00007ffd032b2000 	C:\WINDOWS\System32\IMM32.DLL
0x00007ffcfcaa0000 - 0x00007ffcfcaac000 	C:\Users\helia\Downloads\eclipse-java-2026-03-R-win32-x86_64\eclipse\plugins\org.eclipse.justj.openjdk.hotspot.jre.full.win32.x86_64_21.0.10.v20260205-0638\jre\bin\vcruntime140_1.dll
0x00007ffca3f60000 - 0x00007ffca3fed000 	C:\Users\helia\Downloads\eclipse-java-2026-03-R-win32-x86_64\eclipse\plugins\org.eclipse.justj.openjdk.hotspot.jre.full.win32.x86_64_21.0.10.v20260205-0638\jre\bin\msvcp140.dll
0x00007ffc96e40000 - 0x00007ffc97be1000 	C:\Users\helia\Downloads\eclipse-java-2026-03-R-win32-x86_64\eclipse\plugins\org.eclipse.justj.openjdk.hotspot.jre.full.win32.x86_64_21.0.10.v20260205-0638\jre\bin\server\jvm.dll
0x00007ffd01ac0000 - 0x00007ffd01b77000 	C:\WINDOWS\System32\ADVAPI32.dll
0x00007ffd02200000 - 0x00007ffd022aa000 	C:\WINDOWS\System32\sechost.dll
0x00007ffd02bf0000 - 0x00007ffd02d08000 	C:\WINDOWS\System32\RPCRT4.dll
0x00007ffd01a00000 - 0x00007ffd01a80000 	C:\WINDOWS\System32\WS2_32.dll
0x00007ffd003a0000 - 0x00007ffd003fe000 	C:\WINDOWS\SYSTEM32\POWRPROF.dll
0x00007ffcf5410000 - 0x00007ffcf5446000 	C:\WINDOWS\SYSTEM32\WINMM.dll
0x00007ffce35c0000 - 0x00007ffce35cb000 	C:\WINDOWS\SYSTEM32\VERSION.dll
0x00007ffd00380000 - 0x00007ffd00394000 	C:\WINDOWS\SYSTEM32\UMPDC.dll
0x00007ffcff1c0000 - 0x00007ffcff1db000 	C:\WINDOWS\SYSTEM32\kernel.appcore.dll
0x00007ffcf7090000 - 0x00007ffcf709a000 	C:\Users\helia\Downloads\eclipse-java-2026-03-R-win32-x86_64\eclipse\plugins\org.eclipse.justj.openjdk.hotspot.jre.full.win32.x86_64_21.0.10.v20260205-0638\jre\bin\jimage.dll
0x00007ffcfdb50000 - 0x00007ffcfdd92000 	C:\WINDOWS\SYSTEM32\DBGHELP.DLL
0x00007ffd01e70000 - 0x00007ffd021f3000 	C:\WINDOWS\System32\combase.dll
0x00007ffd01030000 - 0x00007ffd01109000 	C:\WINDOWS\System32\OLEAUT32.dll
0x00007ffcf6ff0000 - 0x00007ffcf702b000 	C:\WINDOWS\SYSTEM32\dbgcore.DLL
0x00007ffd00dc0000 - 0x00007ffd00e6c000 	C:\WINDOWS\System32\bcryptPrimitives.dll
0x00007ffca3f20000 - 0x00007ffca3f5c000 	C:\Users\helia\Downloads\eclipse-java-2026-03-R-win32-x86_64\eclipse\plugins\org.eclipse.justj.openjdk.hotspot.jre.full.win32.x86_64_21.0.10.v20260205-0638\jre\bin\jdwp.dll
0x00007ffce6e90000 - 0x00007ffce6e9f000 	C:\Users\helia\Downloads\eclipse-java-2026-03-R-win32-x86_64\eclipse\plugins\org.eclipse.justj.openjdk.hotspot.jre.full.win32.x86_64_21.0.10.v20260205-0638\jre\bin\instrument.dll
0x00007ffce7520000 - 0x00007ffce7540000 	C:\Users\helia\Downloads\eclipse-java-2026-03-R-win32-x86_64\eclipse\plugins\org.eclipse.justj.openjdk.hotspot.jre.full.win32.x86_64_21.0.10.v20260205-0638\jre\bin\java.dll
0x00007ffd01260000 - 0x00007ffd019f2000 	C:\WINDOWS\System32\SHELL32.dll
0x00007ffcfdf80000 - 0x00007ffcfe812000 	C:\WINDOWS\SYSTEM32\windows.storage.dll
0x00007ffd02d30000 - 0x00007ffd02e27000 	C:\WINDOWS\System32\SHCORE.dll
0x00007ffd03200000 - 0x00007ffd03267000 	C:\WINDOWS\System32\shlwapi.dll
0x00007ffd00440000 - 0x00007ffd00469000 	C:\WINDOWS\SYSTEM32\profapi.dll
0x00007ffce6f60000 - 0x00007ffce6f78000 	C:\Users\helia\Downloads\eclipse-java-2026-03-R-win32-x86_64\eclipse\plugins\org.eclipse.justj.openjdk.hotspot.jre.full.win32.x86_64_21.0.10.v20260205-0638\jre\bin\zip.dll
0x00007ffce8fa0000 - 0x00007ffce8fb0000 	C:\Users\helia\Downloads\eclipse-java-2026-03-R-win32-x86_64\eclipse\plugins\org.eclipse.justj.openjdk.hotspot.jre.full.win32.x86_64_21.0.10.v20260205-0638\jre\bin\net.dll
0x00007ffceeb00000 - 0x00007ffceec27000 	C:\WINDOWS\SYSTEM32\WINHTTP.dll
0x00007ffcff750000 - 0x00007ffcff7bc000 	C:\WINDOWS\system32\mswsock.dll
0x00007ffce69d0000 - 0x00007ffce69e6000 	C:\Users\helia\Downloads\eclipse-java-2026-03-R-win32-x86_64\eclipse\plugins\org.eclipse.justj.openjdk.hotspot.jre.full.win32.x86_64_21.0.10.v20260205-0638\jre\bin\nio.dll
0x00007ffce6a50000 - 0x00007ffce6a5c000 	C:\Users\helia\Downloads\eclipse-java-2026-03-R-win32-x86_64\eclipse\plugins\org.eclipse.justj.openjdk.hotspot.jre.full.win32.x86_64_21.0.10.v20260205-0638\jre\bin\dt_socket.dll
0x00007ffcfeb70000 - 0x00007ffcfeba3000 	C:\WINDOWS\SYSTEM32\IPHLPAPI.DLL
0x00007ffcfec60000 - 0x00007ffcfedb6000 	C:\WINDOWS\SYSTEM32\DNSAPI.dll
0x00007ffcff570000 - 0x00007ffcff57d000 	C:\WINDOWS\SYSTEM32\DSPARSE.dll
0x00007ffd01d60000 - 0x00007ffd01d6a000 	C:\WINDOWS\System32\NSI.dll
0x00007ffcedc20000 - 0x00007ffcedc2b000 	C:\Windows\System32\rasadhlp.dll
0x00007ffcf7cf0000 - 0x00007ffcf7d76000 	C:\WINDOWS\System32\fwpuclnt.dll
0x00007ffce6a40000 - 0x00007ffce6a50000 	C:\Users\helia\Downloads\eclipse-java-2026-03-R-win32-x86_64\eclipse\plugins\org.eclipse.justj.openjdk.hotspot.jre.full.win32.x86_64_21.0.10.v20260205-0638\jre\bin\verify.dll

JVMTI agents:
jdwp path:C:\Users\helia\Downloads\eclipse-java-2026-03-R-win32-x86_64\eclipse\plugins\org.eclipse.justj.openjdk.hotspot.jre.full.win32.x86_64_21.0.10.v20260205-0638\jre\bin\jdwp.dll, loaded, initialized, options:transport=dt_socket,suspend=y,address=localhost:55754
C:\Users\helia\eclipse\java-2026-03\eclipse\configuration\org.eclipse.osgi\617\0\.cp\lib\javaagent-shaded.jar path:C:\Users\helia\Downloads\eclipse-java-2026-03-R-win32-x86_64\eclipse\plugins\org.eclipse.justj.openjdk.hotspot.jre.full.win32.x86_64_21.0.10.v20260205-0638\jre\bin\instrument.dll, loaded, initialized, instrumentlib options:none

dbghelp: loaded successfully - version: 4.0.5 - missing functions: none
symbol engine: initialized successfully - sym options: 0x614 - pdb path: .;C:\Users\helia\Downloads\eclipse-java-2026-03-R-win32-x86_64\eclipse\plugins\org.eclipse.justj.openjdk.hotspot.jre.full.win32.x86_64_21.0.10.v20260205-0638\jre\bin;C:\WINDOWS\SYSTEM32;C:\WINDOWS\WinSxS\amd64_microsoft.windows.common-controls_6595b64144ccf1df_6.0.26100.8875_none_3e0d5d42e32fe9dd;C:\Users\helia\Downloads\eclipse-java-2026-03-R-win32-x86_64\eclipse\plugins\org.eclipse.justj.openjdk.hotspot.jre.full.win32.x86_64_21.0.10.v20260205-0638\jre\bin\server

VM Arguments:
jvm_args: -XX:+ShowCodeDetailsInExceptionMessages -agentlib:jdwp=transport=dt_socket,suspend=y,address=localhost:55754 -javaagent:C:\Users\helia\eclipse\java-2026-03\eclipse\configuration\org.eclipse.osgi\617\0\.cp\lib\javaagent-shaded.jar -Dfile.encoding=UTF-8 -Dstdout.encoding=UTF-8 -Dstderr.encoding=UTF-8 --module-path=C:\Users\helia\eclipse-workspace\HeliaExercises\bin -Djdk.module.main=HeliaExercises 
java_command: HeliaExercises/test.Helia
java_class_path (initial): <not set>
Launcher Type: SUN_STANDARD

[Global flags]
     intx CICompilerCount                          = 3                                         {product} {ergonomic}
     uint ConcGCThreads                            = 1                                         {product} {ergonomic}
     uint G1ConcRefinementThreads                  = 4                                         {product} {ergonomic}
   size_t G1HeapRegionSize                         = 1048576                                   {product} {ergonomic}
    uintx GCDrainStackTargetSize                   = 64                                        {product} {ergonomic}
   size_t InitialHeapSize                          = 130023424                                 {product} {ergonomic}
   size_t MarkStackSize                            = 4194304                                   {product} {ergonomic}
   size_t MaxHeapSize                              = 2057306112                                {product} {ergonomic}
   size_t MaxNewSize                               = 1234173952                                {product} {ergonomic}
   size_t MinHeapDeltaBytes                        = 1048576                                   {product} {ergonomic}
   size_t MinHeapSize                              = 8388608                                   {product} {ergonomic}
    uintx NonNMethodCodeHeapSize                   = 5832780                                {pd product} {ergonomic}
    uintx NonProfiledCodeHeapSize                  = 122912730                              {pd product} {ergonomic}
    uintx ProfiledCodeHeapSize                     = 122912730                              {pd product} {ergonomic}
    uintx ReservedCodeCacheSize                    = 251658240                              {pd product} {ergonomic}
     bool SegmentedCodeCache                       = true                                      {product} {ergonomic}
     bool ShowCodeDetailsInExceptionMessages       = true                                   {manageable} {command line}
   size_t SoftMaxHeapSize                          = 2057306112                             {manageable} {ergonomic}
     bool UseCompressedOops                        = true                           {product lp64_product} {ergonomic}
     bool UseG1GC                                  = true                                      {product} {ergonomic}
     bool UseLargePagesIndividualAllocation        = false                                  {pd product} {ergonomic}

Logging:
Log output configuration:
 #0: stdout all=warning uptime,level,tags foldmultilines=false
 #1: stderr all=off uptime,level,tags foldmultilines=false

Release file:
JAVA_VERSION="21.0.10" 
MODULES="java.base java.compiler java.datatransfer java.xml java.prefs java.desktop java.instrument java.logging java.management java.security.sasl java.naming java.rmi java.management.rmi java.net.http java.scripting java.security.jgss java.transaction.xa java.sql java.sql.rowset java.xml.crypto java.se java.smartcardio jdk.accessibility jdk.internal.jvmstat jdk.attach jdk.charsets jdk.internal.opt jdk.zipfs jdk.compiler jdk.crypto.ec jdk.crypto.cryptoki jdk.crypto.mscapi jdk.dynalink jdk.internal.ed jdk.editpad jdk.hotspot.agent jdk.httpserver jdk.internal.le jdk.internal.vm.ci jdk.internal.vm.compiler jdk.internal.vm.compiler.management jdk.jartool jdk.javadoc jdk.jcmd jdk.management jdk.management.agent jdk.jconsole jdk.jdeps jdk.jdwp.agent jdk.jdi jdk.jfr jdk.jshell jdk.jsobject jdk.jstatd jdk.localedata jdk.management.jfr jdk.naming.dns jdk.naming.rmi jdk.net jdk.nio.mapmode jdk.random jdk.sctp jdk.security.auth jdk.security.jgss jdk.unsupported jdk.unsupported.desktop jdk.xml.dom" 

Environment Variables:
PATH=C:\Users\helia\Downloads\eclipse-java-2026-03-R-win32-x86_64\eclipse\plugins\org.eclipse.justj.openjdk.hotspot.jre.full.win32.x86_64_21.0.10.v20260205-0638\jre\bin;C:\Program Files\Common Files\Oracle\Java\javapath;C:\WINDOWS\system32;C:\WINDOWS;C:\WINDOWS\System32\Wbem;C:\WINDOWS\System32\WindowsPowerShell\v1.0\;C:\WINDOWS\System32\OpenSSH\;C:\Program Files\Git\cmd;C:\Users\helia\AppData\Local\Microsoft\WindowsApps;C:\msys64\ucrt64\bin;C:\Users\helia\AppData\Local\Programs\Microsoft VS Code\bin
USERNAME=helia
OS=Windows_NT
PROCESSOR_IDENTIFIER=Intel64 Family 6 Model 190 Stepping 0, GenuineIntel
TMP=C:\Users\helia\AppData\Local\Temp
TEMP=C:\Users\helia\AppData\Local\Temp




Periodic native trim disabled

---------------  S Y S T E M  ---------------

OS:
 Windows 11 , 64 bit Build 26100 (10.0.26100.8875)
OS uptime: 14 days 4:06 hours
Hyper-V role detected

CPU: total 4 (initial active 4) (4 cores per cpu, 1 threads per core) family 6 model 190 stepping 0 microcode 0x15, cx8, cmov, fxsr, mmx, 3dnowpref, sse, sse2, sse3, ssse3, sse4.1, sse4.2, popcnt, lzcnt, tsc, tscinvbit, avx, avx2, aes, erms, clmul, bmi1, bmi2, adx, sha, fma, vzeroupper, clflush, clflushopt, clwb, hv, serialize, rdtscp, rdpid, fsrm, f16c, cet_ibt, cet_ss
Processor Information for the first 4 processors :
  Max Mhz: 1000, Current Mhz: 1000, Mhz Limit: 1000

Memory: 4k page, system-wide physical 7845M (711M free)
TotalPageFile size 15453M (AvailPageFile size 1870M)
current process WorkingSet (physical memory assigned to process): 51M, peak: 54M
current process commit charge ("private bytes"): 202M, peak: 204M

vm_info: OpenJDK 64-Bit Server VM (21.0.10+7-LTS) for windows-amd64 JRE (21.0.10+7-LTS), built on 2026-01-20T00:00:00Z by "admin" with MS VC++ 17.12 (VS2022)

END.
